04:03:06 pm [content] No content directory found. Skipping type generation.
04:03:06 pm [build] output target: static
04:03:06 pm [build] Collecting build info...
04:03:06 pm [build] Completed in 246ms.
04:03:06 pm [build] Building static entrypoints...
node.exe : Browserslist: 
caniuse-lite is outdated. 
Please run:
At line:1 char:1
+ & "C:\Program 
Files\nodejs/node.exe" 
"C:\Program 
Files\nodejs/node_mo ...
+ ~~~~~~~~~~~~~~~~~~~~~~~~~~~
~~~~~~~~~~~~~~~~~~~~~~~~~~~~~
~~~~~~~~~~~~~
    + CategoryInfo           
   : NotSpecified: (Browser  
  slist: c...ed. Please ru   
 n::String) [], RemoteExc    
eption
    + FullyQualifiedErrorId  
   : NativeCommandError
 
  npx 
update-browserslist-db@latest
  Why you should do it 
regularly: https://github.com
/browserslist/update-db#readm
e
[31m[astro:build] The 
`bg-primary-600` class does 
not exist. If 
`bg-primary-600` is a custom 
class, make sure it is 
defined within a `@layer` 
directive.[39m
file: [36mC:/Users/vishal/Do
cuments/Github/Portfolio/src/
web/components/sidebar-item.a
stro:21:5[39m
 error   The 
`bg-primary-600` class does 
not exist. If 
`bg-primary-600` is a custom 
class, make sure it is 
defined within a `@layer` 
directive.
  File:
    C:/Users/vishal/Documents
/Github/Portfolio/src/web/com
ponents/sidebar-item.astro:21
:5
  Code:
    20 |   
a[aria-current='page'] {
    > 21 |     @apply 
bg-primary-600 !important;
         |     ^
      22 |   }
      23 |   
      24 |   
a[aria-current='page'],
  Stacktrace:
CssSyntaxError: [postcss] C:/
Users/vishal/Documents/Github
/Portfolio/src/web/components
/sidebar-item.astro?astro&typ
e=style&lang.css:3:5: The 
`bg-primary-600` class does 
not exist. If 
`bg-primary-600` is a custom 
class, make sure it is 
defined within a `@layer` 
directive.
    at Input.error (C:\Users\
vishal\Documents\Github\Portf
olio\node_modules\vite\node_m
odules\postcss\lib\input.js:1
13:16)
    at AtRule.error (C:\Users
\vishal\Documents\Github\Port
folio\node_modules\vite\node_
modules\postcss\lib\node.js:1
49:32)
    at processApply (C:\Users
\vishal\Documents\Github\Port
folio\node_modules\tailwindcs
s\lib\lib\expandApplyAtRules.
js:380:29)
    at C:\Users\vishal\Docume
nts\Github\Portfolio\node_mod
ules\tailwindcss\lib\lib\expa
ndApplyAtRules.js:532:9
    at C:\Users\vishal\Docume
nts\Github\Portfolio\node_mod
ules\tailwindcss\lib\processT
ailwindFeatures.js:57:50
    at plugins (C:\Users\vish
al\Documents\Github\Portfolio
\node_modules\tailwindcss\lib
\plugin.js:38:63)
    at LazyResult.runOnRoot (
C:\Users\vishal\Documents\Git
hub\Portfolio\node_modules\vi
te\node_modules\postcss\lib\l
azy-result.js:361:16)
    at LazyResult.runAsync (C
:\Users\vishal\Documents\Gith
ub\Portfolio\node_modules\vit
e\node_modules\postcss\lib\la
zy-result.js:290:26)
    at LazyResult.async (C:\U
sers\vishal\Documents\Github\
Portfolio\node_modules\vite\n
ode_modules\postcss\lib\lazy-
result.js:192:30)
    at LazyResult.then (C:\Us
ers\vishal\Documents\Github\P
ortfolio\node_modules\vite\no
de_modules\postcss\lib\lazy-r
esult.js:436:17)

